// Jest Snapshot v1, https://goo.gl/fbAQLP

exports[`syncService — golden-master de escrituras syncNews escribe news 1`] = `
[
  {
    "params": [
      "n1",
      "competition",
      5930,
      4749268,
      "2026-06-09T10:00:00.000Z",
      "{"id":"n1","gameId":4749268,"publishDate":"2026-06-09T10:00:00Z","title":"Noticia 1"}",
      "2026-07-27T12:00:00.000Z",
      "n2",
      "competition",
      5930,
      null,
      "2026-06-09T12:00:00.000Z",
      "{"id":"n2","gameId":null,"publishDate":"2026-06-09T12:00:00Z","title":"Noticia 2"}",
      "2026-07-27T12:00:00.000Z",
    ],
    "sql": "INSERT INTO news (id, scope, entity_id, game_id, publish_date, data, updated_at) VALUES ($1, $2, $3, $4, $5, $6, $7), ($8, $9, $10, $11, $12, $13, $14) ON CONFLICT (id) DO UPDATE SET scope = EXCLUDED.scope, entity_id = EXCLUDED.entity_id, game_id = EXCLUDED.game_id, publish_date = EXCLUDED.publish_date, data = EXCLUDED.data, updated_at = EXCLUDED.updated_at",
    "via": "pool",
  },
]
`;

exports[`syncService — golden-master de escrituras syncStandings escribe standings + junction competition_competitors 1`] = `
[
  {
    "params": [
      5930,
      1,
      25,
      "{"seasonsFilter":{"seasons":[{"num":25}]},"standings":[]}",
      "2026-07-27T12:00:00.000Z",
    ],
    "sql": "INSERT INTO standings (competition_id, stage_num, season_num, data, updated_at) VALUES ($1, $2, $3, $4, $5) ON CONFLICT (competition_id, stage_num, season_num) DO UPDATE SET data = EXCLUDED.data, updated_at = EXCLUDED.updated_at",
    "via": "pool",
  },
]
`;
